Bash\distrib
Bash\paths
Bash\truename
Batch\12.bat
Batch\25.BAT
Batch\2note2.bat
Batch\43.BAT
Batch\50.bat
Batch\72w.bat
Batch\82w.bat
Batch\a2u.bat
Batch\AddPaths.bat
Batch\AutoRun.cmd
Batch\AutoRun.cmd.d\history.bat
Batch\AutoRun.cmd.d\pid.bat
Batch\AutoRun.cmd.d\which.cmd
Batch\CheckEOL.bat
Batch\DIRCC.BAT
Batch\DIRDIR.BAT
Batch\Disconnect.bat
Batch\DumpLink.bat
Batch\echoargs.bat
Batch\ERRORLEV.BAT
Batch\flvcache.bat
Batch\gccache.bat
Batch\Get-Console.bat
Batch\halve.bat
Batch\hosts.bat
Batch\ie.bat
Batch\iecache.bat
Batch\IPcfg.bat
Batch\MakeZip.bat
Batch\MCD.BAT
Batch\md2h.bat
Batch\mountw.bat
Batch\n.bat
Batch\paths.bat
Batch\Reconnect.bat
Batch\regx.bat
Batch\rhs.bat
Batch\-rhs.bat
Batch\subcmd.bat
Batch\TimeX.bat
Batch\touch.bat
Batch\trouve.bat
Batch\u2a.bat
Batch\u2w.bat
Batch\umountw.bat
Batch\vcvars.bat
Batch\w2u.bat
Batch\wm.bat
Batch\x.bat
Batch\xfind.bat
Batch\zap.bat
Batch\zapbaks.bat
PowerShell\Disable-IPv6Components.ps1
PowerShell\EchoArgs.ps1
PowerShell\Enable-IPv6Components.ps1
PowerShell\Get-Console.ps1
PowerShell\Get-ProductKey.ps1
PowerShell\IESec.ps1
PowerShell\Is-WindowsActivated.ps1
PowerShell\Out-ByHost.ps1
PowerShell\Reconnect.ps1
PowerShell\ShadowCopy.ps1
PowerShell\Test-IPv6Components.ps1
PowerShell\Window.ps1
Python\PySetup.bat
Python\python.bat
Python\pip.bat
Tcl\b64dec.tcl
Tcl\b64enc.tcl
Tcl\camel.tcl
Tcl\cascade.tcl
Tcl\cfdt.tcl
Tcl\fixmht.tcl
Tcl\FlipMails.tcl
Tcl\get.tcl
Tcl\htmldec.tcl
Tcl\htmlenc.tcl
Tcl\lower.tcl
Tcl\nlines.tcl
Tcl\regsub.tcl
Tcl\rxrename.tcl
Tcl\show.tcl
Tcl\sml.tcl
Tcl\TclSetup.bat
Tcl\tclsh.bat
Tcl\unixtime.tcl
Tcl\upper.tcl
Tcl\urldecode.tcl
Tcl\xpath.tcl
