DOS\backnum.exe
DOS\chars.exe
DOS\clocks.exe
DOS\cpuid.exe
DOS\detab.exe
DOS\dirc.exe
DOS\dirsize.exe
DOS\dump.exe
DOS\getcodes.exe
DOS\lessive.exe
DOS\redo.exe
DOS\remplace.exe
DOS\smbios.exe
DOS\update.exe
DOS\which.exe

Linux.i686\backnum
Linux.i686\detab
Linux.i686\dirc
Linux.i686\dirsize
Linux.i686\dump
Linux.i686\lessive
Linux.i686\redo
Linux.i686\remplace
Linux.i686\update

Linux.x86_64\backnum
Linux.x86_64\detab
Linux.x86_64\dirc
Linux.x86_64\dirsize
Linux.x86_64\dump
Linux.x86_64\lessive
Linux.x86_64\redo
Linux.x86_64\remplace
Linux.x86_64\update

WIN32\1clip.exe
WIN32\2clip.exe
WIN32\backnum.exe
WIN32\chars.exe
WIN32\clocks.exe
WIN32\conv.exe
WIN32\cpuid.exe
WIN32\deffeed.exe
WIN32\detab.exe
WIN32\dirc.exe
WIN32\dirsize.exe
WIN32\driver.exe
WIN32\dump.exe
WIN32\inicomp.exe
WIN32\lessive.exe
WIN32\redo.exe
WIN32\remplace.exe
WIN32\smbios.exe
WIN32\tee.exe
WIN32\truename.exe
WIN32\update.exe
WIN32\which.exe
WIN32\whichinc.exe

WIN64\1clip.exe
WIN64\2clip.exe
WIN64\backnum.exe
WIN64\chars.exe
WIN64\conv.exe
WIN64\deffeed.exe
WIN64\detab.exe
WIN64\dirc.exe
WIN64\dirsize.exe
WIN32\driver.exe
WIN64\dump.exe
WIN64\lessive.exe
WIN64\redo.exe
WIN64\remplace.exe
WIN64\smbios.exe
WIN64\tee.exe
WIN64\truename.exe
WIN64\update.exe
WIN64\which.exe
WIN64\whichinc.exe

WIN95\1clip.exe
WIN95\2clip.exe
WIN95\backnum.exe
WIN95\chars.exe
WIN95\clocks.exe
WIN95\conv.exe
WIN95\cpuid.exe
WIN95\deffeed.exe
WIN95\detab.exe
WIN95\dirc.exe
WIN95\dirsize.exe
WIN95\driver.exe
WIN95\dump.exe
WIN95\inicomp.exe
WIN95\lessive.exe
WIN95\redo.exe
WIN95\remplace.exe
WIN95\smbios.exe
WIN95\tee.exe
WIN95\truename.exe
WIN95\update.exe
WIN95\which.exe
WIN95\whichinc.exe

